#-----------------------------------------------------------
# Vivado v2023.2 (64-bit)
# SW Build 4029153 on Fri Oct 13 20:13:54 MDT 2023
# IP Build 4028589 on Sat Oct 14 00:45:43 MDT 2023
# SharedData Build 4025554 on Tue Oct 10 17:18:54 MDT 2023
# Start of session at: Wed Apr  1 06:55:06 2026
# Process ID: 38069
# Current directory: /home/sam/Downloads/Rhythm_Hero_Final_1-20260331T220837Z-3-001/Rhythm_Hero_Final_1/Rhythm_Hero_Final_1.runs/synth_1
# Command line: vivado -log top.vds -product Vivado -mode batch -messageDb vivado.pb -notrace -source top.tcl
# Log file: /home/sam/Downloads/Rhythm_Hero_Final_1-20260331T220837Z-3-001/Rhythm_Hero_Final_1/Rhythm_Hero_Final_1.runs/synth_1/top.vds
# Journal file: /home/sam/Downloads/Rhythm_Hero_Final_1-20260331T220837Z-3-001/Rhythm_Hero_Final_1/Rhythm_Hero_Final_1.runs/synth_1/vivado.jou
# Running On: sam-VivoBook-ASUSLaptop-X513UA-M513UA, OS: Linux, CPU Frequency: 1985.311 MHz, CPU Physical cores: 12, Host memory: 7670 MB
#-----------------------------------------------------------
source top.tcl -notrace
